0 verbose cli /usr/local/bin/node /usr/local/bin/npm
1 info using npm@10.8.1
2 info using node@v20.16.0
3 silly config load:file:/usr/local/lib/node_modules/npm/npmrc
4 silly config load:file:/Users/muhammedshaikhzahidu/Desktop/new/Machine test/tapbackend/.npmrc
5 silly config load:file:/Users/muhammedshaikhzahidu/.npmrc
6 silly config load:file:/usr/local/etc/npmrc
7 verbose title npm install express dotenv cors
8 verbose argv "install" "express" "dotenv" "cors"
9 verbose logfile logs-max:10 dir:/Users/muhammedshaikhzahidu/Desktop/new/Machine test/tapbackend/clean/_logs/2025-06-03T10_48_47_683Z-
10 verbose logfile /Users/muhammedshaikhzahidu/Desktop/new/Machine test/tapbackend/clean/_logs/2025-06-03T10_48_47_683Z-debug-0.log
11 silly packumentCache heap:2197815296 maxSize:549453824 maxEntrySize:274726912
12 silly logfile done cleaning log files
13 silly idealTree buildDeps
14 silly fetch manifest cors@^2.8.5
15 silly packumentCache full:https://registry.npmjs.org/cors cache-miss
16 http fetch GET 200 https://registry.npmjs.org/cors 391ms (cache revalidated)
17 silly packumentCache full:https://registry.npmjs.org/cors set size:73833 disposed:false
18 silly fetch manifest dotenv@^16.5.0
19 silly packumentCache full:https://registry.npmjs.org/dotenv cache-miss
20 http fetch GET 200 https://registry.npmjs.org/dotenv 230ms (cache revalidated)
21 silly packumentCache full:https://registry.npmjs.org/dotenv set size:238345 disposed:false
22 silly fetch manifest express@^5.1.0
23 silly packumentCache full:https://registry.npmjs.org/express cache-miss
24 http fetch GET 200 https://registry.npmjs.org/express 185ms (cache revalidated)
25 silly packumentCache full:https://registry.npmjs.org/express set size:787045 disposed:false
26 silly placeDep ROOT cors@2.8.5 REPLACE for: tapbackend@1.0.0 want: ^2.8.5
27 silly placeDep ROOT dotenv@16.5.0 REPLACE for: tapbackend@1.0.0 want: ^16.5.0
28 silly placeDep ROOT express@5.1.0 REPLACE for: tapbackend@1.0.0 want: ^5.1.0
29 silly reify moves {}
30 silly audit bulk request {
30 silly audit   accepts: [ '2.0.0' ],
30 silly audit   anymatch: [ '3.1.3' ],
30 silly audit   'balanced-match': [ '1.0.2' ],
30 silly audit   'binary-extensions': [ '2.3.0' ],
30 silly audit   'body-parser': [ '2.2.0' ],
30 silly audit   'brace-expansion': [ '1.1.11' ],
30 silly audit   braces: [ '3.0.3' ],
30 silly audit   bytes: [ '3.1.2' ],
30 silly audit   'call-bind-apply-helpers': [ '1.0.2' ],
30 silly audit   'call-bound': [ '1.0.4' ],
30 silly audit   chokidar: [ '3.6.0' ],
30 silly audit   'concat-map': [ '0.0.1' ],
30 silly audit   'content-disposition': [ '1.0.0' ],
30 silly audit   'content-type': [ '1.0.5' ],
30 silly audit   cookie: [ '0.7.2' ],
30 silly audit   'cookie-signature': [ '1.2.2' ],
30 silly audit   'data-uri-to-buffer': [ '4.0.1' ],
30 silly audit   debug: [ '4.4.1' ],
30 silly audit   depd: [ '2.0.0' ],
30 silly audit   'dunder-proto': [ '1.0.1' ],
30 silly audit   'ee-first': [ '1.1.1' ],
30 silly audit   encodeurl: [ '2.0.0' ],
30 silly audit   'es-define-property': [ '1.0.1' ],
30 silly audit   'es-errors': [ '1.3.0' ],
30 silly audit   'es-object-atoms': [ '1.1.1' ],
30 silly audit   'escape-html': [ '1.0.3' ],
30 silly audit   etag: [ '1.8.1' ],
30 silly audit   'fetch-blob': [ '3.2.0' ],
30 silly audit   'fill-range': [ '7.1.1' ],
30 silly audit   finalhandler: [ '2.1.0' ],
30 silly audit   'formdata-polyfill': [ '4.0.10' ],
30 silly audit   forwarded: [ '0.2.0' ],
30 silly audit   fresh: [ '2.0.0' ],
30 silly audit   fsevents: [ '2.3.3' ],
30 silly audit   'function-bind': [ '1.1.2' ],
30 silly audit   'get-intrinsic': [ '1.3.0' ],
30 silly audit   'get-proto': [ '1.0.1' ],
30 silly audit   'glob-parent': [ '5.1.2' ],
30 silly audit   gopd: [ '1.2.0' ],
30 silly audit   'has-flag': [ '3.0.0' ],
30 silly audit   'has-symbols': [ '1.1.0' ],
30 silly audit   hasown: [ '2.0.2' ],
30 silly audit   'http-errors': [ '2.0.0' ],
30 silly audit   'iconv-lite': [ '0.6.3' ],
30 silly audit   'ignore-by-default': [ '1.0.1' ],
30 silly audit   inherits: [ '2.0.4' ],
30 silly audit   'ipaddr.js': [ '1.9.1' ],
30 silly audit   'is-binary-path': [ '2.1.0' ],
30 silly audit   'is-extglob': [ '2.1.1' ],
30 silly audit   'is-glob': [ '4.0.3' ],
30 silly audit   'is-number': [ '7.0.0' ],
30 silly audit   'is-promise': [ '4.0.0' ],
30 silly audit   'math-intrinsics': [ '1.1.0' ],
30 silly audit   'media-typer': [ '1.1.0' ],
30 silly audit   'merge-descriptors': [ '2.0.0' ],
30 silly audit   'mime-db': [ '1.54.0' ],
30 silly audit   'mime-types': [ '3.0.1' ],
30 silly audit   minimatch: [ '3.1.2' ],
30 silly audit   ms: [ '2.1.3' ],
30 silly audit   negotiator: [ '1.0.0' ],
30 silly audit   'node-domexception': [ '1.0.0' ],
30 silly audit   'node-fetch': [ '3.3.2' ],
30 silly audit   nodemon: [ '3.1.10' ],
30 silly audit   'normalize-path': [ '3.0.0' ],
30 silly audit   'object-assign': [ '4.1.1' ],
30 silly audit   'object-inspect': [ '1.13.4' ],
30 silly audit   'on-finished': [ '2.4.1' ],
30 silly audit   once: [ '1.4.0' ],
30 silly audit   parseurl: [ '1.3.3' ],
30 silly audit   'path-to-regexp': [ '8.2.0' ],
30 silly audit   picomatch: [ '2.3.1' ],
30 silly audit   'proxy-addr': [ '2.0.7' ],
30 silly audit   'pstree.remy': [ '1.1.8' ],
30 silly audit   qs: [ '6.14.0' ],
30 silly audit   'range-parser': [ '1.2.1' ],
30 silly audit   'raw-body': [ '3.0.0' ],
30 silly audit   readdirp: [ '3.6.0' ],
30 silly audit   router: [ '2.2.0' ],
30 silly audit   'safe-buffer': [ '5.2.1' ],
30 silly audit   'safer-buffer': [ '2.1.2' ],
30 silly audit   semver: [ '7.7.2' ],
30 silly audit   send: [ '1.2.0' ],
30 silly audit   'serve-static': [ '2.2.0' ],
30 silly audit   setprototypeof: [ '1.2.0' ],
30 silly audit   'side-channel': [ '1.1.0' ],
30 silly audit   'side-channel-list': [ '1.0.0' ],
30 silly audit   'side-channel-map': [ '1.0.1' ],
30 silly audit   'side-channel-weakmap': [ '1.0.2' ],
30 silly audit   'simple-update-notifier': [ '2.0.0' ],
30 silly audit   statuses: [ '2.0.1' ],
30 silly audit   'supports-color': [ '5.5.0' ],
30 silly audit   'to-regex-range': [ '5.0.1' ],
30 silly audit   toidentifier: [ '1.0.1' ],
30 silly audit   touch: [ '3.1.1' ],
30 silly audit   'type-is': [ '2.0.1' ],
30 silly audit   undefsafe: [ '2.0.5' ],
30 silly audit   unpipe: [ '1.0.0' ],
30 silly audit   vary: [ '1.1.2' ],
30 silly audit   'web-streams-polyfill': [ '3.3.3' ],
30 silly audit   wrappy: [ '1.0.2' ],
30 silly audit   cors: [ '2.8.5' ],
30 silly audit   dotenv: [ '16.5.0' ],
30 silly audit   express: [ '5.1.0' ]
30 silly audit }
31 http fetch POST 200 https://registry.npmjs.org/-/npm/v1/security/advisories/bulk 1104ms
32 silly audit report {}
33 verbose cwd /Users/muhammedshaikhzahidu/Desktop/new/Machine test/tapbackend
34 verbose os Darwin 24.0.0
35 verbose node v20.16.0
36 verbose npm  v10.8.1
37 verbose exit 0
38 info ok
