0 verbose cli /usr/local/bin/node /usr/local/bin/npm
1 info using npm@10.8.1
2 info using node@v20.16.0
3 silly config load:file:/usr/local/lib/node_modules/npm/npmrc
4 silly config load:file:/Users/muhammedshaikhzahidu/Desktop/new/Machine test/tapbackend/.npmrc
5 silly config load:file:/Users/muhammedshaikhzahidu/.npmrc
6 silly config load:file:/usr/local/etc/npmrc
7 verbose title npm view node-fetch description dist-tags.latest homepage version time
8 verbose argv "view" "--json" "--" "node-fetch" "description" "dist-tags.latest" "homepage" "version" "time"
9 verbose logfile logs-max:10 dir:/Users/muhammedshaikhzahidu/Desktop/new/Machine test/tapbackend/clean/_logs/2025-06-03T10_51_22_958Z-
10 verbose logfile /Users/muhammedshaikhzahidu/Desktop/new/Machine test/tapbackend/clean/_logs/2025-06-03T10_51_22_958Z-debug-0.log
11 silly logfile start cleaning logs, removing 1 files
12 silly logfile done cleaning log files
13 http fetch GET 200 https://registry.npmjs.org/node-fetch 2475ms (cache revalidated)
14 verbose cwd /Users/muhammedshaikhzahidu/Desktop/new/Machine test/tapbackend
15 verbose os Darwin 24.0.0
16 verbose node v20.16.0
17 verbose npm  v10.8.1
18 verbose exit 0
19 info ok
